
Hexadecimal

Area                               Addr   Size   Decimal Bytes (Attributes)
--------------------------------   ----   ----   ------- ----- ------------
CABS                               0000   0000 =      0. bytes (ABS,CON,CODE)

      Value  Global
   --------  --------------------------------
  0C:0000    l_CABS
  0C:0000    l_CONST
  0C:0000    l_GSINIT
  0C:0000    l_GSINIT1
  0C:0000    l_GSINIT5
  0C:0000    l_IABS
  0C:0000    l_ISEG
  0C:0000    l_OSEG
  0C:0000    l_PSEG
  0C:0000    l_REG_BANK_1
  0C:0000    l_REG_BANK_2
  0C:0000    l_REG_BANK_3
  0C:0000    l_RSEG
  0C:0000    l_XABS
  0C:0000    l_XINIT
  0C:0000    l_XISEG
  0C:0000    l_XSEG
  0C:0000    l__CODE
  0C:0000    s_BSEG
  0C:0000    s_CABS
  0C:0000    s_DSEG
  0C:0000    s_HOME
  0C:0000    s_IABS
  0C:0000    s_ISEG
  0C:0000    s_PSEG
  0C:0000    s_REG_BANK_0
  0C:0000    s_XABS
  0C:0000    s_XISEG
  0C:0000    s_XSEG
  0C:0001    l_BIT_BANK
  0C:0003    l_BSEG_BYTES
  0C:0003    l_GSFINAL
  0C:0003    l_GSINIT0
  0C:0008    l_REG_BANK_0
  0C:0008    s_REG_BANK_1
  0C:000A    l_GSINIT2
  0C:0010    s_REG_BANK_2
  0C:0016    l_BSEG
  0C:0018    s_REG_BANK_3
  0C:0020    s_BSEG_BYTES
  0C:0020    s__CODE
  0C:0022    l_GSINIT3
  0C:0023    s_BIT_BANK
  0C:0023    s_OSEG
  0C:002A    l_GSINIT4
  0C:0043    l_HOME
  0C:0043    s_GSINIT0
  0C:0046    s_GSINIT1
  0C:0046    s_GSINIT2
  0C:0050    s_GSINIT3
  0C:0053    s_RSEG
  0C:0053    s_SSEG
  0C:006F    l_DSEG
  0C:0072    s_GSINIT4
  0C:009C    s_GSFINAL
  0C:009C    s_GSINIT
  0C:009C    s_GSINIT5
  0C:009F    s_CSEG
  0C:00AD    l_SSEG
  0C:0100    l_IRAM
  0C:0BCB    l_CSEG
  0C:0C6A    s_CONST
  0C:0C6A    s_XINIT



Hexadecimal

Area                               Addr   Size   Decimal Bytes (Attributes)
--------------------------------   ----   ----   ------- ----- ------------
.  .ABS.                           0000   0000 =      0. bytes (ABS,CON)

      Value  Global
   --------  --------------------------------
     0080    _P0
     0080    _P0_0
     0081    _P0_1
     0081    _SP
     0082    _DPL
     0082    _P0_2
     0083    _DPH
     0083    _P0_3
     0084    _P0M1
     0084    _P0_4
     0085    _P0M2
     0085    _P0_5
     0086    _KBMASK
     0086    _P0_6
     0087    _P0_7
     0087    _PCON
     0088    _TCON
     0088    _TCON_0
     0089    _TCON_1
     0089    _TMOD
     008A    _TCON_2
     008A    _TL0
     008B    _TCON_3
     008B    _TL1
     008C    _TCON_4
     008C    _TH0
     008D    _TCON_5
     008D    _TH1
     008E    _TCON_6
     008F    _TAMOD
     008F    _TCON_7
     0090    _P1
     0090    _P1_0
     0091    _P1M1
     0091    _P1_1
     0092    _P1M2
     0092    _P1_2
     0093    _KBPATN
     0093    _P1_3
     0094    _KBCON
     0094    _P1_4
     0095    _DIVM
     0095    _P1_5
     0096    _P1_6
     0096    _TRIM
     0097    _P1_7
     0098    _SCON
     0098    _SCON_0
     0099    _SBUF
     0099    _SCON_1
     009A    _SCON_2
     009B    _SCON_3
     009C    _SCON_4
     009D    _SCON_5
     009E    _SCON_6
     009F    _SCON_7
     00A0    __XPAGE
     00A2    _AUXR1
     00A7    _WDCON
     00A8    _IEN0
     00A8    _IEN0_0
     00A9    _IEN0_1
     00A9    _SADDR
     00AA    _IEN0_2
     00AB    _IEN0_3
     00AC    _CMP1
     00AC    _IEN0_4
     00AD    _CMP2
     00AD    _IEN0_5
     00AE    _IEN0_6
     00AF    _IEN0_7
     00B0    _P3
     00B0    _P3_0
     00B1    _P3M1
     00B1    _P3_1
     00B2    _P3M2
     00B5    _PCONA
     00B7    _IP0H
     00B8    _IP0
     00B8    _IP0_0
     00B9    _IP0_1
     00B9    _SADEN
     00BA    _IP0_2
     00BA    _SSTAT
     00BB    _IP0_3
     00BC    _IP0_4
     00BD    _BRGCON
     00BD    _IP0_5
     00BE    _BRGR0
     00BE    _IP0_6
     00BF    _BRGR1
     00C1    _WDL
     00C2    _WFEED1
     00C3    _WFEED2
     00D0    _PSW
     00D0    _PSW_0
     00D1    _PSW_1
     00D1    _RTCCON
     00D2    _PSW_2
     00D2    _RTCH
     00D3    _PSW_3
     00D3    _RTCL
     00D4    _PSW_4
     00D5    _PSW_5
     00D6    _PSW_6
     00D7    _PSW_7
     00D8    _I2CON
     00D8    _I2CON_0
     00D9    _I2STAT
     00DA    _I2CON_2
     00DA    _I2DAT
     00DB    _I2ADR
     00DB    _I2CON_3
     00DC    _I2CON_4
     00DC    _I2SCLL
     00DD    _I2CON_5
     00DD    _I2SCLH
     00DE    _I2CON_6
     00DF    _RSTSRC
     00E0    _ACC
     00E4    _FMCON
     00E5    _FMDATA
     00E6    _FMADRL
     00E7    _FMADRH
     00E8    _IEN1
     00E8    _IEN1_0
     00E9    _IEN1_1
     00EA    _IEN1_2
     00F0    _B
     00F6    _PT0AD
     00F7    _IP1H
     00F8    _IP1
     00F8    _IP1_0
     00F9    _IP1_1
     00FA    _IP1_2
     00FE    _IP1_6
     1C00    _userram
     1D00    _eeprom







Hexadecimal

Area                               Addr   Size   Decimal Bits  (Attributes)
--------------------------------   ----   ----   ------- ----- ------------
BSEG                               0000   0016 =     22. bits  (REL,CON,BIT)

      Value  Global
   --------  --------------------------------
  0B:0000    _event
  0B:0001    _alarm
  0B:0002    _stoerung
  0B:0003    _alarm_obj
  0B:0004    _stoerung_obj
  0B:0005    _fernalarm
  0B:0006    _parity_ok
  0B:0007    _interrupted
  0B:0008    _fb_parity
  0B:0009    _ack
  0B:000A    _nack
  0B:000B    _its_me
  0B:000C    _tel_arrived
  0B:000D    _tel_sent
  0B:000E    _auto_ack
  0B:000F    _fbtx_bit
  0B:0010    _wait_for_ack
  0B:0011    _send_ack
  0B:0012    _send_nack
  0B:0013    _transparency
  0B:0014    _connected
  0B:0015    _inc_pcount


Hexadecimal

Area                               Addr   Size   Decimal Bytes (Attributes)
--------------------------------   ----   ----   ------- ----- ------------
DSEG                               0000   006F =    111. bytes (REL,CON)

      Value  Global
   --------  --------------------------------
     0008    _timer
     000A    _timer_alarm
     000C    _timer_stoerung
     000E    _bp
     0024    _conh
     0025    _conl
     0026    _pcount
     0027    _mem_length
     0028    _mem_adrh
     0029    _mem_adrl
     002A    _senders_pcount
     002B    _telegramm
     0042    _tx_buffer
     004A    _telpos
     004B    _cs
     004C    _fbrx_byte
     004D    _fb_pattern
     004E    _fb_state
     004F    _repeat_count
     0050    _tx_nextwrite
     0051    _tx_nextsend
     0052    _status60



Hexadecimal

Area                               Addr   Size   Decimal Bytes (Attributes)
--------------------------------   ----   ----   ------- ----- ------------
SSEG                               0053   00AD =    173. bytes (REL,OVR)

      Value  Global
   --------  --------------------------------
     0053    __start__stack





Hexadecimal

Area                               Addr   Size   Decimal Bytes (Attributes)
--------------------------------   ----   ----   ------- ----- ------------
HOME                               0000   0043 =     67. bytes (REL,CON,CODE)

      Value  Global
   --------  --------------------------------
  0C:003E    __sdcc_program_startup

Hexadecimal

Area                               Addr   Size   Decimal Bytes (Attributes)
--------------------------------   ----   ----   ------- ----- ------------
GSINIT0                            0043   0003 =      3. bytes (REL,CON,CODE)

      Value  Global
   --------  --------------------------------
  0C:0043    __sdcc_gsinit_startup



Hexadecimal

Area                               Addr   Size   Decimal Bytes (Attributes)
--------------------------------   ----   ----   ------- ----- ------------
GSINIT3                            0050   0022 =     34. bytes (REL,CON,CODE)

      Value  Global
   --------  --------------------------------
  0C:0050    __mcs51_genXINIT

Hexadecimal

Area                               Addr   Size   Decimal Bytes (Attributes)
--------------------------------   ----   ----   ------- ----- ------------
GSINIT4                            0072   002A =     42. bytes (REL,CON,CODE)

      Value  Global
   --------  --------------------------------
  0C:0072    __mcs51_genRAMCLEAR
  0C:0078    __mcs51_genXRAMCLEAR




Hexadecimal

Area                               Addr   Size   Decimal Bytes (Attributes)
--------------------------------   ----   ----   ------- ----- ------------
CSEG                               009F   0BCB =   3019. bytes (REL,CON,CODE)

      Value  Global
   --------  --------------------------------
  0C:009F    _main
  0C:012C    _write_value_req
  0C:014A    _read_value_req
  0C:014B    _read_obj_value
  0C:016F    _key
  0C:01A2    _delay_timer
  0C:0243    _restart_app
  0C:02E0    _X1_int
  0C:0313    _T1_int
  0C:064F    _init_rx
  0C:067B    _init_tx
  0C:06C7    _gapos_in_gat
  0C:071A    _build_tel
  0C:091E    _send_obj_value
  0C:0951    _process_tel
  0C:0A4F    _write_memory
  0C:0B2F    _set_pa
  0C:0B4A    _read_objflags
  0C:0B62    _find_first_objno
  0C:0BBB    _find_ga
  0C:0C07    _restart_hw
  0C:0C66    __sdcc_external_startup


ASxxxx Linker V01.75 + NoICE + SDCC Feb 1999,  page 1.

Files Linked      [ module(s) ]

./rauchmelder.rel
./rm_app.rel    

Libraries Linked            [   object  file   ]

D:\freebus\trunk\software\c51\89LPC922\lib_lpc922\Release/fb_lpc922.lib    [        fb_lpc922 ]
C:\Program Files\SDCC\bin\..\lib\small-stack-auto/mcs51.lib    [     crtclear.rel ]
C:\Program Files\SDCC\bin\..\lib\small-stack-auto/mcs51.lib    [     crtxinit.rel ]
C:\Program Files\SDCC\bin\..\lib\small-stack-auto/mcs51.lib    [    crtxclear.rel ]
C:\Program Files\SDCC\bin\..\lib\small-stack-auto/libsdcc.lib    [          _bp.rel ]
C:\Program Files\SDCC\bin\..\lib\small-stack-auto/mcs51.lib    [   crtpagesfr.rel ]
C:\Program Files\SDCC\bin\..\lib\small-stack-auto/mcs51.lib    [     crtstart.rel ]
C:\Program Files\SDCC\bin\..\lib\small-stack-auto/libsdcc.lib    [     _startup.rel ]

ASxxxx Linker V01.75 + NoICE + SDCC Feb 1999,  page 2.

User Base Address Definitions

HOME = 0x0000
ISEG = 0x0000
BSEG = 0x0000

